============================= test session starts =============================
platform win32 -- Python 3.13.7, pytest-8.4.2, pluggy-1.6.0 -- C:\Users\david_othertales\Documents\GitHub\illustrator\.venv\Scripts\python.exe
cachedir: .pytest_cache
rootdir: C:\Users\david_othertales\Documents\GitHub\illustrator
configfile: pytest.ini
testpaths: tests
plugins: anyio-4.11.0, langsmith-0.4.31, asyncio-1.2.0, cov-7.0.0
asyncio: mode=Mode.AUTO, debug=False, asyncio_default_fixture_loop_scope=function, asyncio_default_test_loop_scope=function
collecting ... collected 742 items

tests/integration/test_comprehensive_workflow.py::TestComprehensiveWorkflow::test_scene_detection_integration PASSED [  0%]
tests/integration/test_comprehensive_workflow.py::TestComprehensiveWorkflow::test_character_tracking_integration PASSED [  0%]
tests/integration/test_comprehensive_workflow.py::TestComprehensiveWorkflow::test_parallel_processing_integration PASSED [  0%]
tests/integration/test_comprehensive_workflow.py::TestComprehensiveWorkflow::test_error_handling_integration PASSED [  0%]
tests/integration/test_comprehensive_workflow.py::TestComprehensiveWorkflow::test_narrative_analysis_integration PASSED [  0%]
tests/integration/test_comprehensive_workflow.py::TestComprehensiveWorkflow::test_visual_composition_integration PASSED [  0%]
tests/integration/test_comprehensive_workflow.py::TestComprehensiveWorkflow::test_prompt_engineering_integration FAILED [  0%]
tests/integration/test_comprehensive_workflow.py::TestComprehensiveWorkflow::test_emotional_analysis_integration PASSED [  1%]
tests/integration/test_comprehensive_workflow.py::TestComprehensiveWorkflow::test_complete_workflow_integration PASSED [  1%]
tests/integration/test_comprehensive_workflow.py::TestComprehensiveWorkflow::test_module_initialization PASSED [  1%]
tests/integration/test_comprehensive_workflow.py::TestComprehensiveWorkflow::test_error_resilience_across_modules PASSED [  1%]
tests/integration/test_comprehensive_workflow.py::TestComprehensiveWorkflow::test_performance_considerations PASSED [  1%]
tests/integration/test_enhanced_workflow.py::TestEnhancedWorkflowIntegration::test_complete_enhanced_workflow PASSED [  1%]
tests/integration/test_enhanced_workflow.py::TestEnhancedWorkflowIntegration::test_workflow_error_handling PASSED [  1%]
tests/integration/test_enhanced_workflow.py::TestEnhancedWorkflowIntegration::test_ai_prompt_engineering_integration PASSED [  2%]
tests/integration/test_enhanced_workflow.py::TestEnhancedWorkflowIntegration::test_enhanced_workflow_components_exist PASSED [  2%]
tests/integration/test_new_api_endpoints.py::TestNewAPIEndpointsIntegration::test_full_chapter_analysis_workflow FAILED [  2%]
tests/integration/test_new_api_endpoints.py::TestNewAPIEndpointsIntegration::test_manuscript_export_complete_workflow FAILED [  2%]
